  % Total    % Received % Xferd  Average Speed   Time    Time     Time  Current
                                 Dload  Upload   Total   Spent    Left  Speed
  0     0    0     0    0     0      0      0 --:--:-- --:--:-- --:--:--     0  0     0    0     0    0     0      0      0 --:--:-- --:--:-- --:--:--     0
100 16384    0 16384    0     0  34228      0 --:--:-- --:--:-- --:--:-- 34228100 4153k    0 4153k    0     0  4436k      0 --:--:-- --:--:-- --:--:-- 9052k
Prepared experimental Unicorn 2.1.4 + checksum-pinned QEMU 5.0 TCI (no host executable bytecode).
-- The C compiler identification is GNU 14.2.0
-- Detecting C compiler ABI info
-- Detecting C compiler ABI info - done
-- Check for working C compiler: /usr/bin/cc - skipped
-- Detecting C compile features
-- Detecting C compile features - done
Install prefix    /usr/local
binary directory  /usr/local/bin
library directory /usr/local/lib
libexec directory /usr/local/libexec
include directory /usr/local/include
config directory  /usr/local/etc
local state directory   /usr/local/var
ELF interp prefix /usr/gnemul/qemu-%M
Build directory   /tmp/tmp.J7Wd4hiqyo/build
Source path       /tmp/tmp.J7Wd4hiqyo/unicorn-2.1.4/qemu
GIT binary        git
GIT submodules    
C compiler        /usr/bin/cc
Host C compiler   cc
C++ compiler      c++
Objective-C compiler /usr/bin/cc
ARFLAGS           rv
CFLAGS            -g 
QEMU_CFLAGS       -fPIE -DPIE -m64 -mcx16 -D_GNU_SOURCE -D_FILE_OFFSET_BITS=64 -D_LARGEFILE_SOURCE -Wstrict-prototypes -Wredundant-decls -Wall -Wundef -Wwrite-strings -Wmissing-prototypes -fno-strict-aliasing -fno-common -fwrapv -std=gnu99  -DUNICORN_HAS_X86 -fPIC -Wexpansion-to-defined -Wendif-labels -Wno-shift-negative-value -Wno-missing-include-dirs -Wempty-body -Wnested-externs -Wformat-security -Wformat-y2k -Winit-self -Wignored-qualifiers -Wold-style-declaration -Wold-style-definition -Wtype-limits -fstack-protector-strong
QEMU_LDFLAGS      -Wl,--warn-common -Wl,-z,relro -Wl,-z,now -pie -m64  -DUNICORN_HAS_X86 -fPIC -fstack-protector-strong
make              make
install           install
host CPU          x86_64
host big endian   no
target list       x86_64-softmmu   
strip binaries    yes
static build      no
mingw32 support   no
PIE               yes
TCG support       yes
malloc trim support yes
membarrier        no
madvise           yes
posix_madvise     yes
posix_memalign    yes
debug stack usage no
tcmalloc support  no
jemalloc support  no
avx2 optimization yes
avx512f optimization no
-- Configuring done (2.4s)
-- Generating done (0.0s)
-- Build files have been written to: /tmp/tmp.J7Wd4hiqyo/build
[  1%] Building C object CMakeFiles/unicorn-common.dir/list.c.o
[  2%] Building C object CMakeFiles/unicorn-common.dir/glib_compat/garray.c.o
[  3%] Building C object CMakeFiles/unicorn-common.dir/glib_compat/gtestutils.c.o
[  5%] Building C object CMakeFiles/unicorn-common.dir/glib_compat/glib_compat.c.o
[  6%] Building C object CMakeFiles/unicorn-common.dir/glib_compat/gtree.c.o
[  7%] Building C object CMakeFiles/unicorn-common.dir/glib_compat/grand.c.o
[  8%] Building C object CMakeFiles/unicorn-common.dir/glib_compat/glist.c.o
[ 10%] Building C object CMakeFiles/unicorn-common.dir/glib_compat/gmem.c.o
[ 11%] Building C object CMakeFiles/unicorn-common.dir/glib_compat/gpattern.c.o
[ 12%] Building C object CMakeFiles/unicorn-common.dir/glib_compat/gslice.c.o
[ 13%] Building C object CMakeFiles/unicorn-common.dir/qemu/util/bitmap.c.o
[ 15%] Building C object CMakeFiles/unicorn-common.dir/qemu/util/bitops.c.o
[ 16%] Building C object CMakeFiles/unicorn-common.dir/qemu/util/crc32c.c.o
[ 17%] Building C object CMakeFiles/unicorn-common.dir/qemu/util/cutils.c.o
[ 18%] Building C object CMakeFiles/unicorn-common.dir/qemu/util/getauxval.c.o
[ 20%] Building C object CMakeFiles/unicorn-common.dir/qemu/util/guest-random.c.o
[ 21%] Building C object CMakeFiles/unicorn-common.dir/qemu/util/host-utils.c.o
[ 22%] Building C object CMakeFiles/unicorn-common.dir/qemu/util/osdep.c.o
[ 23%] Building C object CMakeFiles/unicorn-common.dir/qemu/util/qdist.c.o
[ 25%] Building C object CMakeFiles/unicorn-common.dir/qemu/util/qemu-timer.c.o
[ 26%] Building C object CMakeFiles/unicorn-common.dir/qemu/util/qemu-timer-common.c.o
[ 27%] Building C object CMakeFiles/unicorn-common.dir/qemu/util/range.c.o
[ 28%] Building C object CMakeFiles/unicorn-common.dir/qemu/util/qht.c.o
[ 30%] Building C object CMakeFiles/unicorn-common.dir/qemu/util/pagesize.c.o
[ 31%] Building C object CMakeFiles/unicorn-common.dir/qemu/util/cacheinfo.c.o
[ 32%] Building C object CMakeFiles/unicorn-common.dir/qemu/crypto/aes.c.o
[ 33%] Building C object CMakeFiles/unicorn-common.dir/qemu/util/oslib-posix.c.o
[ 35%] Building C object CMakeFiles/unicorn-common.dir/qemu/util/qemu-thread-posix.c.o
[ 36%] Linking C static library libunicorn-common.a
[ 36%] Built target unicorn-common
[ 38%] Building C object CMakeFiles/x86_64-softmmu.dir/qemu/exec-vary.c.o
[ 37%] Building C object CMakeFiles/x86_64-softmmu.dir/qemu/exec.c.o
[ 40%] Building C object CMakeFiles/x86_64-softmmu.dir/qemu/softmmu/cpus.c.o
[ 41%] Building C object CMakeFiles/x86_64-softmmu.dir/qemu/softmmu/ioport.c.o
[ 42%] Building C object CMakeFiles/x86_64-softmmu.dir/qemu/softmmu/memory.c.o
[ 43%] Building C object CMakeFiles/x86_64-softmmu.dir/qemu/softmmu/memory_mapping.c.o
[ 45%] Building C object CMakeFiles/x86_64-softmmu.dir/qemu/fpu/softfloat.c.o
[ 46%] Building C object CMakeFiles/x86_64-softmmu.dir/qemu/tcg/optimize.c.o
[ 47%] Building C object CMakeFiles/x86_64-softmmu.dir/qemu/tcg/tcg.c.o
[ 48%] Building C object CMakeFiles/x86_64-softmmu.dir/qemu/tcg/tci.c.o
[ 50%] Building C object CMakeFiles/x86_64-softmmu.dir/qemu/tcg/tcg-op.c.o
[ 51%] Building C object CMakeFiles/x86_64-softmmu.dir/qemu/tcg/tcg-op-gvec.c.o
[ 52%] Building C object CMakeFiles/x86_64-softmmu.dir/qemu/tcg/tcg-op-vec.c.o
[ 53%] Building C object CMakeFiles/x86_64-softmmu.dir/qemu/accel/tcg/cpu-exec.c.o
[ 55%] Building C object CMakeFiles/x86_64-softmmu.dir/qemu/accel/tcg/cpu-exec-common.c.o
[ 56%] Building C object CMakeFiles/x86_64-softmmu.dir/qemu/accel/tcg/cputlb.c.o
[ 57%] Building C object CMakeFiles/x86_64-softmmu.dir/qemu/accel/tcg/tcg-all.c.o
[ 58%] Building C object CMakeFiles/x86_64-softmmu.dir/qemu/accel/tcg/tcg-runtime.c.o
[ 60%] Building C object CMakeFiles/x86_64-softmmu.dir/qemu/accel/tcg/tcg-runtime-gvec.c.o
[ 61%] Building C object CMakeFiles/x86_64-softmmu.dir/qemu/accel/tcg/translate-all.c.o
[ 62%] Building C object CMakeFiles/x86_64-softmmu.dir/qemu/accel/tcg/translator.c.o
[ 63%] Building C object CMakeFiles/x86_64-softmmu.dir/qemu/softmmu/unicorn_vtlb.c.o
[ 65%] Building C object CMakeFiles/x86_64-softmmu.dir/qemu/hw/i386/x86.c.o
[ 66%] Building C object CMakeFiles/x86_64-softmmu.dir/qemu/target/i386/arch_memory_mapping.c.o
[ 67%] Building C object CMakeFiles/x86_64-softmmu.dir/qemu/target/i386/bpt_helper.c.o
[ 68%] Building C object CMakeFiles/x86_64-softmmu.dir/qemu/target/i386/cc_helper.c.o
[ 70%] Building C object CMakeFiles/x86_64-softmmu.dir/qemu/target/i386/cpu.c.o
[ 71%] Building C object CMakeFiles/x86_64-softmmu.dir/qemu/target/i386/excp_helper.c.o
[ 72%] Building C object CMakeFiles/x86_64-softmmu.dir/qemu/target/i386/fpu_helper.c.o
[ 73%] Building C object CMakeFiles/x86_64-softmmu.dir/qemu/target/i386/helper.c.o
[ 75%] Building C object CMakeFiles/x86_64-softmmu.dir/qemu/target/i386/int_helper.c.o
[ 76%] Building C object CMakeFiles/x86_64-softmmu.dir/qemu/target/i386/machine.c.o
[ 77%] Building C object CMakeFiles/x86_64-softmmu.dir/qemu/target/i386/mem_helper.c.o
[ 78%] Building C object CMakeFiles/x86_64-softmmu.dir/qemu/target/i386/misc_helper.c.o
[ 80%] Building C object CMakeFiles/x86_64-softmmu.dir/qemu/target/i386/mpx_helper.c.o
[ 81%] Building C object CMakeFiles/x86_64-softmmu.dir/qemu/target/i386/seg_helper.c.o
[ 82%] Building C object CMakeFiles/x86_64-softmmu.dir/qemu/target/i386/smm_helper.c.o
[ 83%] Building C object CMakeFiles/x86_64-softmmu.dir/qemu/target/i386/svm_helper.c.o
[ 85%] Building C object CMakeFiles/x86_64-softmmu.dir/qemu/target/i386/translate.c.o
[ 86%] Building C object CMakeFiles/x86_64-softmmu.dir/qemu/target/i386/xsave_helper.c.o
[ 87%] Building C object CMakeFiles/x86_64-softmmu.dir/qemu/target/i386/unicorn.c.o
[ 88%] Linking C static library libx86_64-softmmu.a
[ 88%] Built target x86_64-softmmu
[ 90%] Building C object CMakeFiles/unicorn.dir/uc.c.o
[ 91%] Building C object CMakeFiles/unicorn.dir/qemu/softmmu/vl.c.o
[ 92%] Building C object CMakeFiles/unicorn_static.dir/uc.c.o
[ 93%] Building C object CMakeFiles/unicorn_static.dir/qemu/softmmu/vl.c.o
[ 95%] Building C object CMakeFiles/unicorn.dir/qemu/hw/core/cpu.c.o
[ 96%] Building C object CMakeFiles/unicorn_static.dir/qemu/hw/core/cpu.c.o
[ 97%] Linking C shared library libunicorn.so
[ 98%] Linking C static library libunicorn_static.a
[ 98%] Built target unicorn
[ 98%] Built target unicorn_static
[100%] Linking C static library libunicorn.a
[100%] Built target unicorn_archive
Experimental TCI static library: /tmp/tmp.4PC1KSn8D1/native/libunicorn.a
  % Total    % Received % Xferd  Average Speed   Time    Time     Time  Current
                                 Dload  Upload   Total   Spent    Left  Speed
  0     0    0     0    0     0      0      0 --:--:-- --:--:-- --:--:--     0  0     0    0     0    0     0      0      0 --:--:-- --:--:-- --:--:--     0
  0     0    0     0    0     0      0      0 --:--:-- --:--:-- --:--:--     0100  842k    0  842k    0     0  1464k      0 --:--:-- --:--:-- --:--:-- 7022k
=== RUN   TestHardwareBlock
--- PASS: TestHardwareBlock (0.00s)
=== RUN   TestGuestServiceDispatchAndStackArguments
--- PASS: TestGuestServiceDispatchAndStackArguments (0.00s)
=== RUN   TestUnknownGuestServiceFailsClosed
--- PASS: TestUnknownGuestServiceFailsClosed (0.00s)
=== RUN   TestGuestAllocatorReusesAndClearsFreedMemory
--- PASS: TestGuestAllocatorReusesAndClearsFreedMemory (0.00s)
PASS
ok  	github.com/majd/ipatool/v2/internal/sap/machine	0.009s
=== RUN   TestTCIDynamicSAPSmoke
    tci_probe_test.go:39: SAP signatures generated: 485 and 485 bytes; contents withheld; Apple login not attempted
--- PASS: TestTCIDynamicSAPSmoke (19.75s)
PASS
ok  	github.com/majd/ipatool/v2/internal/sap	19.763s
Host SAP test passed. Physical jailed iOS execution and Apple login remain separate milestones.
